mode: set
github.com/tesserato/CodeWeaver/main.go:44.13,48.16 2 0
github.com/tesserato/CodeWeaver/main.go:48.16,50.28 2 0
github.com/tesserato/CodeWeaver/main.go:50.28,52.4 1 0
github.com/tesserato/CodeWeaver/main.go:53.3,53.13 1 0
github.com/tesserato/CodeWeaver/main.go:56.2,56.34 1 0
github.com/tesserato/CodeWeaver/main.go:56.34,58.116 2 0
github.com/tesserato/CodeWeaver/main.go:58.116,61.4 2 0
github.com/tesserato/CodeWeaver/main.go:64.2,66.16 3 0
github.com/tesserato/CodeWeaver/main.go:66.16,68.3 1 0
github.com/tesserato/CodeWeaver/main.go:71.2,72.16 2 0
github.com/tesserato/CodeWeaver/main.go:72.16,74.3 1 0
github.com/tesserato/CodeWeaver/main.go:76.2,77.16 2 0
github.com/tesserato/CodeWeaver/main.go:77.16,79.3 1 0
github.com/tesserato/CodeWeaver/main.go:81.2,81.80 1 0
github.com/tesserato/CodeWeaver/main.go:84.38,86.2 1 0
github.com/tesserato/CodeWeaver/main.go:100.36,113.22 10 1
github.com/tesserato/CodeWeaver/main.go:113.22,113.49 2 0
github.com/tesserato/CodeWeaver/main.go:114.2,115.16 2 1
github.com/tesserato/CodeWeaver/main.go:115.16,117.3 1 0
github.com/tesserato/CodeWeaver/main.go:118.2,118.21 1 1
github.com/tesserato/CodeWeaver/main.go:118.21,120.3 1 0
github.com/tesserato/CodeWeaver/main.go:122.2,124.26 3 1
github.com/tesserato/CodeWeaver/main.go:124.26,126.3 1 0
github.com/tesserato/CodeWeaver/main.go:127.2,128.26 2 1
github.com/tesserato/CodeWeaver/main.go:128.26,129.35 1 1
github.com/tesserato/CodeWeaver/main.go:129.35,131.4 1 1
github.com/tesserato/CodeWeaver/main.go:132.3,132.89 1 0
github.com/tesserato/CodeWeaver/main.go:134.2,134.19 1 1
github.com/tesserato/CodeWeaver/main.go:134.19,136.3 1 1
github.com/tesserato/CodeWeaver/main.go:137.2,137.22 1 1
github.com/tesserato/CodeWeaver/main.go:137.22,139.3 1 1
github.com/tesserato/CodeWeaver/main.go:140.2,140.23 1 1
github.com/tesserato/CodeWeaver/main.go:140.23,142.3 1 1
github.com/tesserato/CodeWeaver/main.go:143.2,143.17 1 1
github.com/tesserato/CodeWeaver/main.go:146.44,151.33 5 0
github.com/tesserato/CodeWeaver/main.go:151.33,153.3 1 0
github.com/tesserato/CodeWeaver/main.go:154.2,154.33 1 0
github.com/tesserato/CodeWeaver/main.go:154.33,156.3 1 0
github.com/tesserato/CodeWeaver/main.go:157.2,157.24 1 0
github.com/tesserato/CodeWeaver/main.go:157.24,159.3 1 0
github.com/tesserato/CodeWeaver/main.go:160.2,161.15 2 0
github.com/tesserato/CodeWeaver/main.go:164.101,167.16 3 1
github.com/tesserato/CodeWeaver/main.go:167.16,169.3 1 0
github.com/tesserato/CodeWeaver/main.go:170.2,172.16 3 1
github.com/tesserato/CodeWeaver/main.go:172.16,174.3 1 0
github.com/tesserato/CodeWeaver/main.go:175.2,176.8 2 1
github.com/tesserato/CodeWeaver/main.go:179.110,180.24 1 1
github.com/tesserato/CodeWeaver/main.go:180.24,183.3 2 1
github.com/tesserato/CodeWeaver/main.go:184.2,186.29 3 1
github.com/tesserato/CodeWeaver/main.go:186.29,188.20 2 1
github.com/tesserato/CodeWeaver/main.go:188.20,189.12 1 0
github.com/tesserato/CodeWeaver/main.go:191.3,193.20 3 1
github.com/tesserato/CodeWeaver/main.go:193.20,195.4 1 1
github.com/tesserato/CodeWeaver/main.go:196.3,197.20 2 1
github.com/tesserato/CodeWeaver/main.go:199.2,199.17 1 1
github.com/tesserato/CodeWeaver/main.go:199.17,202.3 2 0
github.com/tesserato/CodeWeaver/main.go:203.2,203.22 1 1
github.com/tesserato/CodeWeaver/main.go:211.98,222.16 5 1
github.com/tesserato/CodeWeaver/main.go:222.16,224.3 1 0
github.com/tesserato/CodeWeaver/main.go:227.2,232.35 5 1
github.com/tesserato/CodeWeaver/main.go:232.35,234.3 1 1
github.com/tesserato/CodeWeaver/main.go:236.2,238.16 3 1
github.com/tesserato/CodeWeaver/main.go:238.16,240.3 1 0
github.com/tesserato/CodeWeaver/main.go:241.2,250.66 6 1
github.com/tesserato/CodeWeaver/main.go:263.93,269.2 1 1
github.com/tesserato/CodeWeaver/main.go:271.58,274.2 2 1
github.com/tesserato/CodeWeaver/main.go:276.83,278.16 2 1
github.com/tesserato/CodeWeaver/main.go:278.16,280.3 1 0
github.com/tesserato/CodeWeaver/main.go:282.2,283.32 2 1
github.com/tesserato/CodeWeaver/main.go:283.32,286.20 3 1
github.com/tesserato/CodeWeaver/main.go:286.20,288.4 1 0
github.com/tesserato/CodeWeaver/main.go:293.3,294.74 2 1
github.com/tesserato/CodeWeaver/main.go:294.74,296.4 1 1
github.com/tesserato/CodeWeaver/main.go:296.9,296.27 1 1
github.com/tesserato/CodeWeaver/main.go:296.27,298.52 2 1
github.com/tesserato/CodeWeaver/main.go:298.52,299.56 1 1
github.com/tesserato/CodeWeaver/main.go:299.56,301.11 2 1
github.com/tesserato/CodeWeaver/main.go:306.3,306.20 1 1
github.com/tesserato/CodeWeaver/main.go:306.20,308.4 1 1
github.com/tesserato/CodeWeaver/main.go:311.2,311.53 1 1
github.com/tesserato/CodeWeaver/main.go:311.53,313.3 1 1
github.com/tesserato/CodeWeaver/main.go:315.2,315.43 1 1
github.com/tesserato/CodeWeaver/main.go:315.43,318.20 3 1
github.com/tesserato/CodeWeaver/main.go:318.20,320.102 2 1
github.com/tesserato/CodeWeaver/main.go:320.102,322.5 1 0
github.com/tesserato/CodeWeaver/main.go:325.2,325.12 1 1
github.com/tesserato/CodeWeaver/main.go:328.82,330.29 2 1
github.com/tesserato/CodeWeaver/main.go:330.29,331.22 1 1
github.com/tesserato/CodeWeaver/main.go:331.22,333.4 1 1
github.com/tesserato/CodeWeaver/main.go:333.9,335.4 1 1
github.com/tesserato/CodeWeaver/main.go:337.2,337.12 1 1
github.com/tesserato/CodeWeaver/main.go:337.12,339.3 1 1
github.com/tesserato/CodeWeaver/main.go:339.8,341.3 1 1
github.com/tesserato/CodeWeaver/main.go:342.2,342.62 1 1
github.com/tesserato/CodeWeaver/main.go:345.73,347.16 2 1
github.com/tesserato/CodeWeaver/main.go:347.16,349.3 1 0
github.com/tesserato/CodeWeaver/main.go:350.2,350.46 1 1
github.com/tesserato/CodeWeaver/main.go:361.168,363.2 1 1
github.com/tesserato/CodeWeaver/main.go:371.89,379.111 4 1
github.com/tesserato/CodeWeaver/main.go:379.111,380.21 1 1
github.com/tesserato/CodeWeaver/main.go:380.21,382.69 2 0
github.com/tesserato/CodeWeaver/main.go:382.69,384.5 1 0
github.com/tesserato/CodeWeaver/main.go:385.4,385.18 1 0
github.com/tesserato/CodeWeaver/main.go:387.3,388.20 2 1
github.com/tesserato/CodeWeaver/main.go:388.20,391.4 2 0
github.com/tesserato/CodeWeaver/main.go:392.3,393.28 2 1
github.com/tesserato/CodeWeaver/main.go:393.28,395.4 1 1
github.com/tesserato/CodeWeaver/main.go:397.3,397.76 1 1
github.com/tesserato/CodeWeaver/main.go:397.76,399.34 1 1
github.com/tesserato/CodeWeaver/main.go:399.34,401.5 1 1
github.com/tesserato/CodeWeaver/main.go:402.4,403.14 2 1
github.com/tesserato/CodeWeaver/main.go:407.3,409.33 2 1
github.com/tesserato/CodeWeaver/main.go:409.33,411.4 1 1
github.com/tesserato/CodeWeaver/main.go:414.3,414.16 1 1
github.com/tesserato/CodeWeaver/main.go:414.16,416.4 1 1
github.com/tesserato/CodeWeaver/main.go:419.3,420.21 2 1
github.com/tesserato/CodeWeaver/main.go:420.21,424.4 3 0
github.com/tesserato/CodeWeaver/main.go:426.3,426.28 1 1
github.com/tesserato/CodeWeaver/main.go:426.28,429.4 1 1
github.com/tesserato/CodeWeaver/main.go:432.3,437.13 6 1
github.com/tesserato/CodeWeaver/main.go:440.2,440.20 1 1
github.com/tesserato/CodeWeaver/main.go:440.20,442.3 1 0
github.com/tesserato/CodeWeaver/main.go:443.2,443.73 1 1
github.com/tesserato/CodeWeaver/main.go:446.98,447.41 1 1
github.com/tesserato/CodeWeaver/main.go:447.41,448.60 1 1
github.com/tesserato/CodeWeaver/main.go:448.60,450.4 1 1
github.com/tesserato/CodeWeaver/main.go:452.2,452.30 1 1
github.com/tesserato/CodeWeaver/main.go:452.30,454.43 2 1
github.com/tesserato/CodeWeaver/main.go:454.43,455.61 1 1
github.com/tesserato/CodeWeaver/main.go:455.61,457.10 2 1
github.com/tesserato/CodeWeaver/main.go:460.3,460.22 1 1
github.com/tesserato/CodeWeaver/main.go:460.22,462.4 1 1
github.com/tesserato/CodeWeaver/main.go:464.2,464.13 1 1
github.com/tesserato/CodeWeaver/main.go:467.120,470.16 3 1
github.com/tesserato/CodeWeaver/main.go:470.16,473.3 2 0
github.com/tesserato/CodeWeaver/main.go:474.2,475.33 2 1
github.com/tesserato/CodeWeaver/main.go:475.33,476.87 1 1
github.com/tesserato/CodeWeaver/main.go:476.87,478.4 1 0
github.com/tesserato/CodeWeaver/main.go:480.2,480.33 1 1
github.com/tesserato/CodeWeaver/main.go:480.33,481.87 1 1
github.com/tesserato/CodeWeaver/main.go:481.87,483.4 1 0
github.com/tesserato/CodeWeaver/main.go:485.2,485.24 1 1
github.com/tesserato/CodeWeaver/main.go:485.24,487.42 2 0
github.com/tesserato/CodeWeaver/main.go:487.42,489.4 1 0
github.com/tesserato/CodeWeaver/main.go:489.9,492.4 2 0
github.com/tesserato/CodeWeaver/main.go:494.2,494.12 1 1
github.com/tesserato/CodeWeaver/main.go:497.81,498.21 1 1
github.com/tesserato/CodeWeaver/main.go:498.21,501.3 2 0
github.com/tesserato/CodeWeaver/main.go:502.2,504.26 3 1
github.com/tesserato/CodeWeaver/main.go:504.26,507.3 2 1
github.com/tesserato/CodeWeaver/main.go:508.2,509.16 2 1
github.com/tesserato/CodeWeaver/main.go:509.16,511.3 1 1
github.com/tesserato/CodeWeaver/main.go:511.8,513.3 1 0
github.com/tesserato/CodeWeaver/main.go:514.2,514.12 1 1
github.com/tesserato/CodeWeaver/main.go:517.18,533.2 15 0
